// Jest Snapshot v1, https://goo.gl/fbAQLP

exports[`RepositoryDetails matches snapshots 1`] = `
<DocumentFragment>
  <a
    class="css-19p57ut"
    href="https://github.com/ahejlsberg/typescript-build2016-demos"
  >
    <div
      class="css-1p91yv2"
    >
      <svg
        fill="none"
        height="24"
        stroke="currentColor"
        stroke-linecap="round"
        stroke-linejoin="round"
        stroke-width="2"
        viewBox="0 0 24 24"
        width="24"
      >
        <path
          d="M12 2L15.09 8.26 22 9.27 17 14.14 18.18 21.02 12 17.77 5.82 21.02 7 14.14 2 9.27 8.91 8.26 12 2z"
        />
      </svg>
      64
    </div>
    <h3>
      typescript-build2016-demos
    </h3>
    <p>
      Collection of TypeScript demo projects form //build 2016
    </p>
  </a>
</DocumentFragment>
`;
